// Jest Snapshot v1, https://goo.gl/fbAQLP

exports[`App renders the App 1`] = `
<div
  className="App"
>
  <header
    className="App-header"
  >
    <img
      alt="logo"
      className="App-logo"
      src="logo.svg"
    />
    <h1
      className="App-title"
    >
      Welcome to React!!
    </h1>
  </header>
  <p
    className="App-intro mt-2 mb-2"
  >
    <button>
      Get images
    </button>
  </p>
  <div
    className="container"
  >
    <div
      className="row"
    />
  </div>
</div>
`;
